ADMIN@DESKTOP-K1U9Q1G MINGW64 /
$ cd "/c/Users/ADMIN/Documents/New folderweb development"

ADMIN@DESKTOP-K1U9Q1G MINGW64 ~/Documents/New folderweb development (master)
$ git add .

ADMIN@DESKTOP-K1U9Q1G MINGW64 ~/Documents/New folderweb development (master)
$ git commit -m "Initial commit"
[master c6a4fee] Initial commit
 3 files changed, 299 insertions(+), 141 deletions(-)
 create mode 100644 index.html1
 create mode 100644 tut.html

ADMIN@DESKTOP-K1U9Q1G MINGW64 ~/Documents/New folderweb development (master)
$ git push -u origin main
error: src refspec main does not match any
error: failed to push some refs to 'https://github.com/hafsahaider/amjadrepo.git
'

ADMIN@DESKTOP-K1U9Q1G MINGW64 ~/Documents/New folderweb development (master)
$ ^C

ADMIN@DESKTOP-K1U9Q1G MINGW64 ~/Documents/New folderweb development (master)
$ ^C

ADMIN@DESKTOP-K1U9Q1G MINGW64 ~/Documents/New folderweb development (master)
$ git push -u origin master
Enumerating objects: 6, done.
Counting objects: 100% (6/6), done.
Delta compression using up to 4 threads
Compressing objects: 100% (4/4), done.
Writing objects: 100% (4/4), 3.11 KiB | 1.04 MiB/s, done.
Total 4 (delta 1), reused 0 (delta 0), pack-reused 0 (from 0)
remote: Resolving deltas: 100% (1/1), completed with 1 local object.
To https://github.com/hafsahaider/amjadrepo.git
   6f582b7..c6a4fee  master -> master
branch 'master' set up to track 'origin/master'.

ADMIN@DESKTOP-K1U9Q1G MINGW64 ~/Documents/New folderweb development (master)
$
